error: Invalid filename: src\coolbox\sistema\**\*.java
Usage: javac <options> <source files>
use --help for a list of possible options
